SQL> SET LINESIZE 130
SQL> SET PAGESIZE 30
SQL> DESCRIBE DEPARTAMENTO;
 Name                                                                    Null?    Type
 ----------------------------------------------------------------------- -------- ------------------------------------------------
 CD                                                                      NOT NULL NUMBER(2)
 D                                                                                VARCHAR2(60)

SQL> SELECT CD,D
  2  FROM DEPARTAMENTO;

        CD D                                                                                                                      
---------- ------------------------------------------------------------                                                           
         1 ANALISIS MATEMATATICO                                                                                                  
         2 ASTROFISICA                                                                                                            
         3 ESTADISTICA, INVESTIGACION OPERATIVA Y COMPUTACION                                                                     
         4 MATEMATICA FUNDAMENTAL                                                                                                 

SQL> SELECT *
  2  FROM AREA;

       CAR AR                                                                   CD                                                
---------- ------------------------------------------------------------ ----------                                                
         1 ALGEBRA                                                               4                                                
         2 ANALISIS MATEMATICO                                                   1                                                
         3 ASTRONOMIA Y ASTROFISICA                                              2                                                
         4 CIENCIAS DE LA COMPUTACION E INTELIGENCIA ARTIFICIAL                  3                                                
         5 DIDACTICA DE LA MATEMATICA                                            1                                                
         6 ESTADISTICA E INVESTIGACION OPERATIVA                                 3                                                
         7 LENGUAJES Y SISTEMAS INFORMATICOS                                     3                                                
         8 MATEMATICA APLICADA                                                   1                                                

8 rows selected.

SQL> SELECT DNI
  2  FROM PROFESOR;

       DNI                                                                                                                        
----------                                                                                                                        
      1010                                                                                                                        
      1111                                                                                                                        
      2020                                                                                                                        
      2222                                                                                                                        
      3030                                                                                                                        
      3333                                                                                                                        
      4444                                                                                                                        
      5555                                                                                                                        
      6666                                                                                                                        
      7777                                                                                                                        
      8888                                                                                                                        
      9999                                                                                                                        

12 rows selected.

SQL> SELECT *
  2  FROM PROFESOR;

       DNI P                                                                   CAR CAT                                            
---------- ------------------------------------------------------------ ---------- -----                                          
      1111 JUAN                                                                  6 CU                                             
      2222 CARLOS                                                                7 TU                                             
      3333 PEDRO                                                                 4 TEU                                            
      4444 MARIA                                                                 7 TU                                             
      5555 IVAN                                                                  1 CEU                                            
      6666 CARMEN                                                                3 CD                                             
      7777 MARIO                                                                 2 TU                                             
      8888 FRANCISCO                                                             5 TU                                             
      9999 ANGELA                                                                8 TEU                                            
      1010 DAVID                                                                 4 TU                                             
      2020 SOLEDAD                                                               7 CU                                             
      3030 JOSE MANUEL                                                           6 TEU                                            

12 rows selected.

SQL> SELECT P,DNI,CAT,CAR
  2  FROM PROFESOR;

P                                                                   DNI CAT          CAR                                          
------------------------------------------------------------ ---------- ----- ----------                                          
JUAN                                                               1111 CU             6                                          
CARLOS                                                             2222 TU             7                                          
PEDRO                                                              3333 TEU            4                                          
MARIA                                                              4444 TU             7                                          
IVAN                                                               5555 CEU            1                                          
CARMEN                                                             6666 CD             3                                          
MARIO                                                              7777 TU             2                                          
FRANCISCO                                                          8888 TU             5                                          
ANGELA                                                             9999 TEU            8                                          
DAVID                                                              1010 TU             4                                          
SOLEDAD                                                            2020 CU             7                                          
JOSE MANUEL                                                        3030 TEU            6                                          

12 rows selected.

SQL> SELECT P,DNI,CAT,CAR "Nombre profesor","Carnet","Codigo1","Codigo2"
  2  FROM PROFESOR;
SELECT P,DNI,CAT,CAR "Nombre profesor","Carnet","Codigo1","Codigo2"
                                                          *
ERROR at line 1:
ORA-00904: "Codigo2": invalid identifier 


SQL> SELECT P "Nombre", DNI "Identificador", CAT "Codigo asignatura", CAR "Codigo area"
  2  FROM PROFESOR;

Nombre                                                       Identificador Codig Codigo area                                      
------------------------------------------------------------ ------------- ----- -----------                                      
JUAN                                                                  1111 CU              6                                      
CARLOS                                                                2222 TU              7                                      
PEDRO                                                                 3333 TEU             4                                      
MARIA                                                                 4444 TU              7                                      
IVAN                                                                  5555 CEU             1                                      
CARMEN                                                                6666 CD              3                                      
MARIO                                                                 7777 TU              2                                      
FRANCISCO                                                             8888 TU              5                                      
ANGELA                                                                9999 TEU             8                                      
DAVID                                                                 1010 TU              4                                      
SOLEDAD                                                               2020 CU              7                                      
JOSE MANUEL                                                           3030 TEU             6                                      

12 rows selected.

SQL> SET LINESIZE 150
SQL> RUN
  1  SELECT P "Nombre", DNI "Identificador", CAT "Codigo asignatura", CAR "Codigo area"
  2* FROM PROFESOR

Nombre                                                       Identificador Codig Codigo area                                                          
------------------------------------------------------------ ------------- ----- -----------                                                          
JUAN                                                                  1111 CU              6                                                          
CARLOS                                                                2222 TU              7                                                          
PEDRO                                                                 3333 TEU             4                                                          
MARIA                                                                 4444 TU              7                                                          
IVAN                                                                  5555 CEU             1                                                          
CARMEN                                                                6666 CD              3                                                          
MARIO                                                                 7777 TU              2                                                          
FRANCISCO                                                             8888 TU              5                                                          
ANGELA                                                                9999 TEU             8                                                          
DAVID                                                                 1010 TU              4                                                          
SOLEDAD                                                               2020 CU              7                                                          
JOSE MANUEL                                                           3030 TEU             6                                                          

12 rows selected.

SQL> SELECT *
  2  FROM ASIGNATURA;

       CAS A                                                  T           CUR        CAR         CT         CP         CL                             
---------- -------------------------------------------------- ---- ---------- ---------- ---------- ---------- ----------                             
         7 CALCULO                                            GII           1          8          3          3          0                             
         1 BASES DE DATOS                                     GII           3          7          3        1.5        1.5                             
         2 INTELIGENCIA ARTIFICIAL                            GII           3          4        1.5        1.5          3                             
         3 ALMACENES DE DATOS                                 MII           1          7        1.5          0        1.5                             
         4 MINERIA DE DATOS                                   MII           1          7        1.5          0        1.5                             
         5 INFORMATICA BASICA                                 GII           1          7          3        1.5        1.5                             
         6 ALGEBRA                                            GII           1          1          3          3          0                             
         8 OPTIMIZACION                                       GII           1          6          3        1.5        1.5                             
         9 GESTION DE RIESGOS                                 GII           3          4          3          0          3                             
        10 ASTRONOMIA                                         GF            2          3          3        1.5        1.5                             
        11 DIDACTICA DE LA MATEMATICA                         GM            2          5          6          0          0                             
        12 ANALISIS COMPLEJO                                  GM            4          2        4.5          3          0                             

12 rows selected.

SQL> SELECT *
  2  FROM ASIGNATURA
  3  WHERE (T = 'GII');

       CAS A                                                  T           CUR        CAR         CT         CP         CL                             
---------- -------------------------------------------------- ---- ---------- ---------- ---------- ---------- ----------                             
         7 CALCULO                                            GII           1          8          3          3          0                             
         1 BASES DE DATOS                                     GII           3          7          3        1.5        1.5                             
         2 INTELIGENCIA ARTIFICIAL                            GII           3          4        1.5        1.5          3                             
         5 INFORMATICA BASICA                                 GII           1          7          3        1.5        1.5                             
         6 ALGEBRA                                            GII           1          1          3          3          0                             
         8 OPTIMIZACION                                       GII           1          6          3        1.5        1.5                             
         9 GESTION DE RIESGOS                                 GII           3          4          3          0          3                             

7 rows selected.

SQL> SELECT DNI
  2  FROM PROFESOR
  3  WHERE (DNI = 7);

no rows selected

SQL> SELECT DNI
  2  FROM PROFESOR
  3  WHERE (CAR = 7);

       DNI                                                                                                                                            
----------                                                                                                                                            
      2222                                                                                                                                            
      4444                                                                                                                                            
      2020                                                                                                                                            

SQL> SELECT UNIQUE P
  2  FROM PROFESOR
  3  WHERE (CAR = 7);

P                                                                                                                                                     
------------------------------------------------------------                                                                                          
SOLEDAD                                                                                                                                               
CARLOS                                                                                                                                                
MARIA                                                                                                                                                 

SQL> SELECT P
  2  FROM PROFESOR
  3  WHERE (CAR = 7);

P                                                                                                                                                     
------------------------------------------------------------                                                                                          
CARLOS                                                                                                                                                
MARIA                                                                                                                                                 
SOLEDAD                                                                                                                                               

SQL> DESCRIBE ASIGNATURA;
 Name                                                                                Null?    Type
 ----------------------------------------------------------------------------------- -------- --------------------------------------------------------
 CAS                                                                                 NOT NULL NUMBER(3)
 A                                                                                   NOT NULL VARCHAR2(50)
 T                                                                                   NOT NULL CHAR(4)
 CUR                                                                                          NUMBER(1)
 CAR                                                                                          NUMBER(3)
 CT                                                                                           NUMBER(3,1)
 CP                                                                                           NUMBER(3,1)
 CL                                                                                           NUMBER(3,1)

SQL> SELECT A
  2  FROM ASIGNATURA
  3  WHERE (CAS >= 7);

A                                                                                                                                                     
--------------------------------------------------                                                                                                    
CALCULO                                                                                                                                               
OPTIMIZACION                                                                                                                                          
GESTION DE RIESGOS                                                                                                                                    
ASTRONOMIA                                                                                                                                            
DIDACTICA DE LA MATEMATICA                                                                                                                            
ANALISIS COMPLEJO                                                                                                                                     

6 rows selected.

SQL> SELECT A
  2  FROM ASIGNATURA
  3  WHERE (CAS > 7);

A                                                                                                                                                     
--------------------------------------------------                                                                                                    
OPTIMIZACION                                                                                                                                          
GESTION DE RIESGOS                                                                                                                                    
ASTRONOMIA                                                                                                                                            
DIDACTICA DE LA MATEMATICA                                                                                                                            
ANALISIS COMPLEJO                                                                                                                                     

SQL> DESCRIBE ASIGNATURA;
 Name                                                                                Null?    Type
 ----------------------------------------------------------------------------------- -------- --------------------------------------------------------
 CAS                                                                                 NOT NULL NUMBER(3)
 A                                                                                   NOT NULL VARCHAR2(50)
 T                                                                                   NOT NULL CHAR(4)
 CUR                                                                                          NUMBER(1)
 CAR                                                                                          NUMBER(3)
 CT                                                                                           NUMBER(3,1)
 CP                                                                                           NUMBER(3,1)
 CL                                                                                           NUMBER(3,1)

SQL> SELECT CAS
  2  FROM ASIGNATURA
  3  WHERE (A = 'ALMACENES DE DATOS');

       CAS                                                                                                                                            
----------                                                                                                                                            
         3                                                                                                                                            

SQL> SELECT A
  2  FROM ASIGNATURA
  3  WHERE (CAS != 8);

A                                                                                                                                                     
--------------------------------------------------                                                                                                    
CALCULO                                                                                                                                               
BASES DE DATOS                                                                                                                                        
INTELIGENCIA ARTIFICIAL                                                                                                                               
ALMACENES DE DATOS                                                                                                                                    
MINERIA DE DATOS                                                                                                                                      
INFORMATICA BASICA                                                                                                                                    
ALGEBRA                                                                                                                                               
GESTION DE RIESGOS                                                                                                                                    
ASTRONOMIA                                                                                                                                            
DIDACTICA DE LA MATEMATICA                                                                                                                            
ANALISIS COMPLEJO                                                                                                                                     

11 rows selected.

SQL> SELECT A
  2  FROM ASIGNATURA
  3  WHERE (CAS = 8);

A                                                                                                                                                     
--------------------------------------------------                                                                                                    
OPTIMIZACION                                                                                                                                          

SQL> SELECT DNI
  2  FROM PROFESOR
  3  WHERE (CAR = 7);

       DNI                                                                                                                                            
----------                                                                                                                                            
      2222                                                                                                                                            
      4444                                                                                                                                            
      2020                                                                                                                                            

SQL> SELECT A
  2  FROM ASIGNATURA
  3  WHERE ((CAS != 8) AND (CAS != 11));

A                                                                                                                                                     
--------------------------------------------------                                                                                                    
CALCULO                                                                                                                                               
BASES DE DATOS                                                                                                                                        
INTELIGENCIA ARTIFICIAL                                                                                                                               
ALMACENES DE DATOS                                                                                                                                    
MINERIA DE DATOS                                                                                                                                      
INFORMATICA BASICA                                                                                                                                    
ALGEBRA                                                                                                                                               
GESTION DE RIESGOS                                                                                                                                    
ASTRONOMIA                                                                                                                                            
ANALISIS COMPLEJO                                                                                                                                     

10 rows selected.

SQL> SPOOL
currently spooling to PRACT4.lst
SQL> SELECT CAS
  2  FROM ASIGNATURA;

       CAS                                                                                                                                            
----------                                                                                                                                            
         1                                                                                                                                            
         2                                                                                                                                            
         3                                                                                                                                            
         4                                                                                                                                            
         5                                                                                                                                            
         6                                                                                                                                            
         7                                                                                                                                            
         8                                                                                                                                            
         9                                                                                                                                            
        10                                                                                                                                            
        11                                                                                                                                            
        12                                                                                                                                            

12 rows selected.

SQL> DESCRIBE CAS;
ERROR:
ORA-04043: object CAS does not exist 


SQL> DESCRIBE PROFESOR;
 Name                                                                                Null?    Type
 ----------------------------------------------------------------------------------- -------- --------------------------------------------------------
 DNI                                                                                 NOT NULL NUMBER(8)
 P                                                                                            VARCHAR2(60)
 CAR                                                                                          NUMBER(3)
 CAT                                                                                          VARCHAR2(5)

SQL> DESCRIBE PLAN_DOCENTE;
 Name                                                                                Null?    Type
 ----------------------------------------------------------------------------------- -------- --------------------------------------------------------
 DNI                                                                                 NOT NULL NUMBER(8)
 CAS                                                                                 NOT NULL NUMBER(3)
 CTA                                                                                          NUMBER(3,1)
 CPA                                                                                          NUMBER(3,1)
 CLA                                                                                          NUMBER(3,1)
 FI                                                                                  NOT NULL DATE
 FF                                                                                           DATE

SQL> SELECT CAS
  2  FROM PLAN_DOCENTE
  3  WHERE (DNI = 3333);

       CAS                                                                                                                                            
----------                                                                                                                                            
         2                                                                                                                                            
         9                                                                                                                                            

SQL> DESCRIBE DEPARTAMENTO;
 Name                                                                                Null?    Type
 ----------------------------------------------------------------------------------- -------- --------------------------------------------------------
 CD                                                                                  NOT NULL NUMBER(2)
 D                                                                                            VARCHAR2(60)

SQL> SELECT CD
  2  FROM DEPARTAMENTO
  3  WHERE (D = 'ASTROFISICA');

        CD                                                                                                                                            
----------                                                                                                                                            
         2                                                                                                                                            

SQL> SPOOL OFF
SQL> SPPOOL
SP2-0042: unknown command "SPPOOL" - rest of line ignored.
SQL> SPOOL
currently spooling to PRACT4.lst
SQL> SELECT DNI
  2  FROM PLAN_DOCENTE
  3  WHERE (FI = '01-SEP-09');

       DNI                                                                                                                                            
----------                                                                                                                                            
      1010                                                                                                                                            
      1111                                                                                                                                            
      2222                                                                                                                                            
      3030                                                                                                                                            
      3333                                                                                                                                            
      8888                                                                                                                                            

6 rows selected.

SQL> SELECT DNI
  2  FROM PLAN_DOCENTE
  3  WHERE (FI BETWEEN '0' AND '01-SEP-09');
WHERE (FI BETWEEN '0' AND '01-SEP-09')
                  *
ERROR at line 3:
ORA-01847: day of month must be between 1 and last day of month 


SQL> WHERE (FI BETWEEN '1' AND '01-SEP-09');
SP2-0734: unknown command beginning "WHERE (FI ..." - rest of line ignored.
SQL> SELECT DNI
  2  FROM PLAN_DOCENTE
  3  WHERE (FI < '01-SEP-09');

       DNI                                                                                                                                            
----------                                                                                                                                            
      1010                                                                                                                                            
      1010                                                                                                                                            
      1111                                                                                                                                            
      2020                                                                                                                                            
      2222                                                                                                                                            
      3333                                                                                                                                            
      4444                                                                                                                                            
      6666                                                                                                                                            

8 rows selected.

SQL> SELECT *
  2  FROM PLAN_DOCENTE;

       DNI        CAS        CTA        CPA        CLA FI        FF                                                                                   
---------- ---------- ---------- ---------- ---------- --------- ---------                                                                            
      4444          1          3        1.5        1.5 01-SEP-11                                                                                      
      4444          4        1.5          0        1.5 01-SEP-08 31-AUG-10                                                                            
      4444          5          3          0          0 01-SEP-10                                                                                      
      1111          8          3        1.5        1.5 01-SEP-07 31-AUG-09                                                                            
      1111          8          3          0          0 01-SEP-09                                                                                      
      3030          8          0        1.5        1.5 01-SEP-09                                                                                      
      2222          4        1.5          0        1.5 01-SEP-09                                                                                      
      2222          3        1.5          0        1.5 01-SEP-06 31-AUG-07                                                                            
      1010          2        1.5        1.5          3 01-SEP-05 31-AUG-08                                                                            
      3333          2        1.5        1.5          3 01-SEP-08                                                                                      
      1010          9          3          0          3 01-SEP-08 31-AUG-09                                                                            
      1010          9        1.5          0        1.5 01-SEP-09                                                                                      
      9999          7          3          3          0 01-SEP-10                                                                                      
      5555          6          3          3          0 31-MAR-10                                                                                      
      6666         10          3        1.5        1.5 01-SEP-08 31-AUG-11                                                                            
      8888         11          6          0          0 01-SEP-09                                                                                      
      2020          3        1.5          0        1.5 01-SEP-08                                                                                      
      7777         12        4.5          3          0 01-SEP-10                                                                                      
      3333          9        1.5          0        1.5 01-SEP-09                                                                                      

19 rows selected.

SQL> DESCRIBE ASIGNATURA;
 Name                                                                                Null?    Type
 ----------------------------------------------------------------------------------- -------- --------------------------------------------------------
 CAS                                                                                 NOT NULL NUMBER(3)
 A                                                                                   NOT NULL VARCHAR2(50)
 T                                                                                   NOT NULL CHAR(4)
 CUR                                                                                          NUMBER(1)
 CAR                                                                                          NUMBER(3)
 CT                                                                                           NUMBER(3,1)
 CP                                                                                           NUMBER(3,1)
 CL                                                                                           NUMBER(3,1)

SQL> SELECT A
  2  FROM ASIGNATURA
  3  WHERE CAR NOT IN (3,5,8);

A                                                                                                                                                     
--------------------------------------------------                                                                                                    
BASES DE DATOS                                                                                                                                        
INTELIGENCIA ARTIFICIAL                                                                                                                               
ALMACENES DE DATOS                                                                                                                                    
MINERIA DE DATOS                                                                                                                                      
INFORMATICA BASICA                                                                                                                                    
ALGEBRA                                                                                                                                               
OPTIMIZACION                                                                                                                                          
GESTION DE RIESGOS                                                                                                                                    
ANALISIS COMPLEJO                                                                                                                                     

9 rows selected.

SQL> SELECT A
  2  FROM ASIGNATURA
  3  WHERE CAR IN (3,5,8);

A                                                                                                                                                     
--------------------------------------------------                                                                                                    
CALCULO                                                                                                                                               
ASTRONOMIA                                                                                                                                            
DIDACTICA DE LA MATEMATICA                                                                                                                            

SQL> SELECT P
  2  FROM PROFESOR
  3  WHERE (DNI BETWEEN 3000 AND 7000);

P                                                                                                                                                     
------------------------------------------------------------                                                                                          
JOSE MANUEL                                                                                                                                           
PEDRO                                                                                                                                                 
MARIA                                                                                                                                                 
IVAN                                                                                                                                                  
CARMEN                                                                                                                                                

SQL> SELECT P
  2  FROM PROFESOR
  3  WHERE (DNI NOT BETWEEN 3000 AND 7000);

P                                                                                                                                                     
------------------------------------------------------------                                                                                          
JUAN                                                                                                                                                  
CARLOS                                                                                                                                                
MARIO                                                                                                                                                 
FRANCISCO                                                                                                                                             
ANGELA                                                                                                                                                
DAVID                                                                                                                                                 
SOLEDAD                                                                                                                                               

7 rows selected.

SQL> SELECT CAS
  2  FROM PLAN_DOCENTE
  3  WHERE (DNI = 1111 AND FF IS NOT NULL);

       CAS                                                                                                                                            
----------                                                                                                                                            
         8                                                                                                                                            

SQL> WHERE (DNI = 1111 AND FF IS NULL);
SP2-0734: unknown command beginning "WHERE (DNI..." - rest of line ignored.
SQL> SELECT CAS
  2  FROM PLAN_DOCENTE
  3  WHERE (DNI = 1111 AND FF IS NULL);

       CAS                                                                                                                                            
----------                                                                                                                                            
         8                                                                                                                                            

SQL> DESCRIBE ASIGNATURA;
 Name                                                                                Null?    Type
 ----------------------------------------------------------------------------------- -------- --------------------------------------------------------
 CAS                                                                                 NOT NULL NUMBER(3)
 A                                                                                   NOT NULL VARCHAR2(50)
 T                                                                                   NOT NULL CHAR(4)
 CUR                                                                                          NUMBER(1)
 CAR                                                                                          NUMBER(3)
 CT                                                                                           NUMBER(3,1)
 CP                                                                                           NUMBER(3,1)
 CL                                                                                           NUMBER(3,1)

SQL> SELECT A "Asignatura", CT+CP+CL "Codigos totales"
  2  FROM ASIGNATURA;

Asignatura                                         Codigos totales                                                                                    
-------------------------------------------------- ---------------                                                                                    
CALCULO                                                          6                                                                                    
BASES DE DATOS                                                   6                                                                                    
INTELIGENCIA ARTIFICIAL                                          6                                                                                    
ALMACENES DE DATOS                                               3                                                                                    
MINERIA DE DATOS                                                 3                                                                                    
INFORMATICA BASICA                                               6                                                                                    
ALGEBRA                                                          6                                                                                    
OPTIMIZACION                                                     6                                                                                    
GESTION DE RIESGOS                                               6                                                                                    
ASTRONOMIA                                                       6                                                                                    
DIDACTICA DE LA MATEMATICA                                       6                                                                                    
ANALISIS COMPLEJO                                              7.5                                                                                    

12 rows selected.

SQL> SELECT A "Asignatura", CT+CP+CL "Creditos totales"
  2  FROM ASIGNATURA;

Asignatura                                         Creditos totales                                                                                   
-------------------------------------------------- ----------------                                                                                   
CALCULO                                                           6                                                                                   
BASES DE DATOS                                                    6                                                                                   
INTELIGENCIA ARTIFICIAL                                           6                                                                                   
ALMACENES DE DATOS                                                3                                                                                   
MINERIA DE DATOS                                                  3                                                                                   
INFORMATICA BASICA                                                6                                                                                   
ALGEBRA                                                           6                                                                                   
OPTIMIZACION                                                      6                                                                                   
GESTION DE RIESGOS                                                6                                                                                   
ASTRONOMIA                                                        6                                                                                   
DIDACTICA DE LA MATEMATICA                                        6                                                                                   
ANALISIS COMPLEJO                                               7.5                                                                                   

12 rows selected.

SQL> SPOOL OFF
