SQL> SPOOL
currently spooling to PRACT8.lst
SQL> SPOOL OFF
SQL> DESCRIBE TITULACION;
ERROR:
ORA-04043: object TITULACION does not exist 


SQL> DESCRIBE ASIGNATURA;
 Name                                                                    Null?    Type
 ----------------------------------------------------------------------- -------- ------------------------------------------------
 CAS                                                                     NOT NULL NUMBER(3)
 A                                                                       NOT NULL VARCHAR2(50)
 T                                                                       NOT NULL CHAR(4)
 CUR                                                                              NUMBER(1)
 CAR                                                                              NUMBER(3)
 CT                                                                               NUMBER(3,1)
 CP                                                                               NUMBER(3,1)
 CL                                                                               NUMBER(3,1)

SQL> CREATE TABLE TITULACION
  2  (T CHAR(4) PRIMARY KEY NOT NULL,
  3   FAC VARCHAR2(50));

Table created.

SQL> INSERT INTO TITULACION
  2  (T)
  3  SELECT DISTINCT T
  4  FROM ASIGNATURA;

4 rows created.

SQL> SELECT * FROM TITULACION;

T    FAC                                                                                                                          
---- --------------------------------------------------                                                                           
GF                                                                                                                                
GM                                                                                                                                
GII                                                                                                                               
MII                                                                                                                               

SQL> REMARK 3
SQL> SELECT *
  2  FROM TITULACION;

T    FAC                                                                                                                          
---- --------------------------------------------------                                                                           
GF                                                                                                                                
GM                                                                                                                                
GII                                                                                                                               
MII                                                                                                                               

SQL> REMARK 4
SQL> INSERT INTO TITULACION (FAC)
  2  ;

*
ERROR at line 2:
ORA-00926: missing VALUES keyword 


SQL> UPDATE INTO TITULACION
  2  ;
UPDATE INTO TITULACION
       *
ERROR at line 1:
ORA-00903: invalid table name 


SQL> REMARK 4
SQL> UPDATE TITULACION
  2  SET FAC = 'FACULTAD DE FISICA'
  3  WHERE T = 'GF';

1 row updated.

SQL> SELECT *
  2  FROM TITULACION;

T    FAC                                                                                                                          
---- --------------------------------------------------                                                                           
GF   FACULTAD DE FISICA                                                                                                           
GM                                                                                                                                
GII                                                                                                                               
MII                                                                                                                               

SQL> REMARK 4
SQL> UPDATE TITULACION
  2  SET FAC = 'FACULTAD DE MATEMATICAS'
  3  WHERE T = 'GM';

1 row updated.

SQL> REMARK 4
SQL> UPDATE TITULACION
  2  SET FAC = 'ESCUELA TECNICA SUPERIOR DE INGENIERIA INFORMATICA (ETSII)'
  3  WHERE T LIKE '_II';

0 rows updated.

SQL> REMARK 4
SQL> UPDATE TITULACION
  2  SET FAC = 'ESCUELA TECNICA SUPERIOR DE INGENIERIA INFORMATICA'
  3  WHERE T LIKE '_II';

0 rows updated.

SQL> REMARK 4
SQL> UPDATE TITULACION
  2  SET FAC = 'ESCUELA TECNICA SUPERIOR DE INGENIERIA INFORMATICA'
  3  WHERE T = 'MII' OR 'GII';
WHERE T = 'MII' OR 'GII'
                       *
ERROR at line 3:
ORA-00920: invalid relational operator 


SQL> UPDATE TITULACION
  2  WHERE T = 'MII' OR 'GII';
WHERE T = 'MII' OR 'GII'
*
ERROR at line 2:
ORA-00971: missing SET keyword 


SQL> REMARK 4
SQL> UPDATE TITULACION
  2  SET FAC = 'ESCUELA TECNICA SUPERIOR DE INGENIERIA INFORMATICA'
  3  WHERE (T = 'MII') OR (T = 'GII');

2 rows updated.

SQL> CREATE SYNONYM TIT
  2  ;

*
ERROR at line 2:
ORA-00905: missing keyword 


SQL> REMARK 5
SQL> CREATE SYNONYM TIT
  2  FROM T;
FROM T
*
ERROR at line 2:
ORA-00905: missing keyword 


SQL> REMARK 5
SQL> CREATE SYNONYM
  2  TIT;
TIT
  *
ERROR at line 2:
ORA-00905: missing keyword 


SQL> REMARK 5
SQL> CREATE SYNONYM TIT
  2  FOR T;
CREATE SYNONYM TIT
               *
ERROR at line 1:
ORA-00955: name is already used by an existing object 


SQL> SELECT TIT
  2  FROM TITULACION;
SELECT TIT
       *
ERROR at line 1:
ORA-00904: "TIT": invalid identifier 


SQL> DROP SYNONYM TIT;

Synonym dropped.

SQL> CREATE SYNONYM TIT
  2  FOR T;

Synonym created.

SQL> SELECT TIT
  2  FROM TITULACION;
SELECT TIT
       *
ERROR at line 1:
ORA-00904: "TIT": invalid identifier 


SQL> DESCRIBE TITULACION;
 Name                                                                    Null?    Type
 ----------------------------------------------------------------------- -------- ------------------------------------------------
 T                                                                       NOT NULL CHAR(4)
 FAC                                                                              VARCHAR2(50)

SQL> SELECT *
  2  FROM TIT;
FROM TIT
     *
ERROR at line 2:
ORA-00980: synonym translation is no longer valid 


SQL> DROP SYNONYM TIT;

Synonym dropped.

SQL> CREATE SYNONYM TIT
  2  FOR TITULACION;

Synonym created.

SQL> SELECT *
  2  FROM TIT;

T    FAC                                                                                                                          
---- --------------------------------------------------                                                                           
GF   FACULTAD DE FISICA                                                                                                           
GM   FACULTAD DE MATEMATICAS                                                                                                      
GII  ESCUELA TECNICA SUPERIOR DE INGENIERIA INFORMATICA                                                                           
MII  ESCUELA TECNICA SUPERIOR DE INGENIERIA INFORMATICA                                                                           

SQL> SELECT CONSTRAINT_NAME
  2  FROM USER_CONSTRAINTS;

CONSTRAINT_NAME                                                                                                                   
--------------------------------------------------------------------------------------------------------------------------------  
SYS_C00274127                                                                                                                     
SYS_C00274160                                                                                                                     
SYS_C00274200                                                                                                                     
SYS_C00274108                                                                                                                     
SYS_C00274201                                                                                                                     
BIN$00Per6eGR9jgUwMAEaziYw==$0                                                                                                    
SYS_C00274095                                                                                                                     
SYS_C00274107                                                                                                                     
SYS_C00274126                                                                                                                     
SYS_C00274156                                                                                                                     
SYS_C00274157                                                                                                                     
SYS_C00274158                                                                                                                     
SYS_C00274159                                                                                                                     
SYS_C00274198                                                                                                                     
SYS_C00274199                                                                                                                     
SYS_C00286227                                                                                                                     
SYS_C00286228                                                                                                                     

17 rows selected.

SQL> ALTER TABLE TITULACION
  2  ADD (CONSTRAINT SYS_C007
  3       FOREIGN KEY (T)
  4       REFERENCES ASIGNATURA (T)
  5       ON DELETE CASCADE);
     REFERENCES ASIGNATURA (T)
                            *
ERROR at line 4:
ORA-02270: no matching unique or primary key for this column-list 


SQL> DESCRIBE ASIGNATURA;
 Name                                                                    Null?    Type
 ----------------------------------------------------------------------- -------- ------------------------------------------------
 CAS                                                                     NOT NULL NUMBER(3)
 A                                                                       NOT NULL VARCHAR2(50)
 T                                                                       NOT NULL CHAR(4)
 CUR                                                                              NUMBER(1)
 CAR                                                                              NUMBER(3)
 CT                                                                               NUMBER(3,1)
 CP                                                                               NUMBER(3,1)
 CL                                                                               NUMBER(3,1)

SQL> ALTER TABLA TITULACION
  2  DESCRIBE ASIGNATURA;
ALTER TABLA TITULACION
      *
ERROR at line 1:
ORA-00940: invalid ALTER command 


SQL> REMARK 7
SQL> ALTER TABLE TITULACION
  2  ADD (CONSTRAINT SYS_C007 FOREIGN KEY (T) REFERENCES ASIGNATURA ON DELETE CASCADE);
ADD (CONSTRAINT SYS_C007 FOREIGN KEY (T) REFERENCES ASIGNATURA ON DELETE CASCADE)
                                      *
ERROR at line 2:
ORA-02267: column type incompatible with referenced column type 


SQL> DESCRIBE TIT;
 Name                                                                    Null?    Type
 ----------------------------------------------------------------------- -------- ------------------------------------------------
 T                                                                       NOT NULL CHAR(4)
 FAC                                                                              VARCHAR2(50)

SQL> REMARK 7
SQL> ALTER TABLE TITULACION
  2  ADD CONSTRAINT SYS_C007 FOREIGN KEY (T) REFERENCES ASIGNATURA(T) ON DELETE CASCADE;
ADD CONSTRAINT SYS_C007 FOREIGN KEY (T) REFERENCES ASIGNATURA(T) ON DELETE CASCADE
                                                              *
ERROR at line 2:
ORA-02270: no matching unique or primary key for this column-list 


SQL> ALTER TABLE TITULACION
  2  ADD CONSTRAINT SYS_C007 FOREIGN KEY (T) REFERENCES ASIGNATURA ON DELETE CASCADE;
ADD CONSTRAINT SYS_C007 FOREIGN KEY (T) REFERENCES ASIGNATURA ON DELETE CASCADE
                                     *
ERROR at line 2:
ORA-02267: column type incompatible with referenced column type 


SQL> ALTER TABLE ASIGNATURA
  2  ADD CONSTRAINT SYS_C007 FOREIGN KEY (T) REFERENCES TITULACION ON DELETE CASCADE;

Table altered.

SQL> ALTER TABLE TITULACION
  2  
SQL> ;
  1* ALTER TABLE TITULACION
SQL> REMARK 8
SQL> ALTER TABLE TITULACION
  2  MODIFY (T CHAR(6));
ALTER TABLE TITULACION
*
ERROR at line 1:
ORA-02292: integrity constraint (ALU0101351773.SYS_C007) violated - child record found 


SQL> REMARK 9
SQL> CREATE VIEW VISTA1
  2  AS SELECT CAS, A, T, CUR, CAR
  3  FROM ASIGNATURA;

View created.

SQL> REMARK 10
SQL> SELECT *
  2  FROM VISTA1;

       CAS A                                                  T           CUR        CAR                                          
---------- -------------------------------------------------- ---- ---------- ----------                                          
         7 CALCULO                                            GII           1          8                                          
         1 BASES DE DATOS                                     GII           3          7                                          
         2 INTELIGENCIA ARTIFICIAL                            GII           3          4                                          
         3 ALMACENES DE DATOS                                 MII           1          7                                          
         4 MINERIA DE DATOS                                   MII           1          7                                          
         5 INFORMATICA BASICA                                 GII           1          7                                          
         6 ALGEBRA                                            GII           1          1                                          
         8 OPTIMIZACION                                       GII           1          6                                          
         9 GESTION DE RIESGOS                                 GII           3          4                                          
        10 ASTRONOMIA                                         GF            2          3                                          
        11 DIDACTICA DE LA MATEMATICA                         GM            2          5                                          
        12 ANALISIS COMPLEJO                                  GM            4          2                                          

12 rows selected.

SQL> REMARK 11
SQL> INSERT INTO VISTA1
  2  VALUES (13, 'ESTADISTICA', 'GII', 3, 7);

1 row created.

SQL> REMARK 12
SQL> SELECT *
  2  FROM VISTA1;

       CAS A                                                  T           CUR        CAR                                          
---------- -------------------------------------------------- ---- ---------- ----------                                          
         7 CALCULO                                            GII           1          8                                          
        13 ESTADISTICA                                        GII           3          7                                          
         1 BASES DE DATOS                                     GII           3          7                                          
         2 INTELIGENCIA ARTIFICIAL                            GII           3          4                                          
         3 ALMACENES DE DATOS                                 MII           1          7                                          
         4 MINERIA DE DATOS                                   MII           1          7                                          
         5 INFORMATICA BASICA                                 GII           1          7                                          
         6 ALGEBRA                                            GII           1          1                                          
         8 OPTIMIZACION                                       GII           1          6                                          
         9 GESTION DE RIESGOS                                 GII           3          4                                          
        10 ASTRONOMIA                                         GF            2          3                                          
        11 DIDACTICA DE LA MATEMATICA                         GM            2          5                                          
        12 ANALISIS COMPLEJO                                  GM            4          2                                          

13 rows selected.

SQL> REMARK 13
SQL> SELECT *
  2  FROM ASIGNATURA;

       CAS A                                                  T           CUR        CAR         CT         CP         CL         
---------- -------------------------------------------------- ---- ---------- ---------- ---------- ---------- ----------         
         7 CALCULO                                            GII           1          8          3          3          0         
        13 ESTADISTICA                                        GII           3          7          0          0          0         
         1 BASES DE DATOS                                     GII           3          7          3        1.5        1.5         
         2 INTELIGENCIA ARTIFICIAL                            GII           3          4        1.5        1.5          3         
         3 ALMACENES DE DATOS                                 MII           1          7        1.5          0        1.5         
         4 MINERIA DE DATOS                                   MII           1          7        1.5          0        1.5         
         5 INFORMATICA BASICA                                 GII           1          7          3        1.5        1.5         
         6 ALGEBRA                                            GII           1          1          3          3          0         
         8 OPTIMIZACION                                       GII           1          6          3        1.5        1.5         
         9 GESTION DE RIESGOS                                 GII           3          4          3          0          3         
        10 ASTRONOMIA                                         GF            2          3          3        1.5        1.5         
        11 DIDACTICA DE LA MATEMATICA                         GM            2          5          6          0          0         
        12 ANALISIS COMPLEJO                                  GM            4          2        4.5          3          0         

13 rows selected.

SQL> UPDATE VISTA1
  2  ;

*
ERROR at line 2:
ORA-00971: missing SET keyword 


SQL> REMARK 14
SQL> UPDATE VISTA1
  2  SET CAR = 6
  3  WHERE (CAS = 13);

1 row updated.

SQL> REMARK 15
SQL> SELECT *
  2  FROM VISTA1;

       CAS A                                                  T           CUR        CAR                                          
---------- -------------------------------------------------- ---- ---------- ----------                                          
         7 CALCULO                                            GII           1          8                                          
        13 ESTADISTICA                                        GII           3          6                                          
         1 BASES DE DATOS                                     GII           3          7                                          
         2 INTELIGENCIA ARTIFICIAL                            GII           3          4                                          
         3 ALMACENES DE DATOS                                 MII           1          7                                          
         4 MINERIA DE DATOS                                   MII           1          7                                          
         5 INFORMATICA BASICA                                 GII           1          7                                          
         6 ALGEBRA                                            GII           1          1                                          
         8 OPTIMIZACION                                       GII           1          6                                          
         9 GESTION DE RIESGOS                                 GII           3          4                                          
        10 ASTRONOMIA                                         GF            2          3                                          
        11 DIDACTICA DE LA MATEMATICA                         GM            2          5                                          
        12 ANALISIS COMPLEJO                                  GM            4          2                                          

13 rows selected.

SQL> REMARK 17
SQL> CREATE VIEW VISTA2
  2  AS (SELECT DNI, A, T, CUR, CAR
  3      FROM PLAN_DOCENTE NATURAL JOIN VISTA1);

View created.

SQL> REMARK 18
SQL> SELECT *
  2  FROM VISTA2;

       DNI A                                                  T           CUR        CAR                                          
---------- -------------------------------------------------- ---- ---------- ----------                                          
      1010 INTELIGENCIA ARTIFICIAL                            GII           3          4                                          
      1010 GESTION DE RIESGOS                                 GII           3          4                                          
      1010 GESTION DE RIESGOS                                 GII           3          4                                          
      1111 OPTIMIZACION                                       GII           1          6                                          
      1111 OPTIMIZACION                                       GII           1          6                                          
      2020 ALMACENES DE DATOS                                 MII           1          7                                          
      2222 ALMACENES DE DATOS                                 MII           1          7                                          
      2222 MINERIA DE DATOS                                   MII           1          7                                          
      3030 OPTIMIZACION                                       GII           1          6                                          
      3333 INTELIGENCIA ARTIFICIAL                            GII           3          4                                          
      3333 GESTION DE RIESGOS                                 GII           3          4                                          
      4444 BASES DE DATOS                                     GII           3          7                                          
      4444 MINERIA DE DATOS                                   MII           1          7                                          
      4444 INFORMATICA BASICA                                 GII           1          7                                          
      5555 ALGEBRA                                            GII           1          1                                          
      6666 ASTRONOMIA                                         GF            2          3                                          
      7777 ANALISIS COMPLEJO                                  GM            4          2                                          
      8888 DIDACTICA DE LA MATEMATICA                         GM            2          5                                          
      9999 CALCULO                                            GII           1          8                                          

19 rows selected.

SQL> UPDATE VISTA2
  2  SET A = "GASTRONOMIA"
  3  ;
SET A = "GASTRONOMIA"
        *
ERROR at line 2:
ORA-00904: "GASTRONOMIA": invalid identifier 


SQL> REMARK 19
SQL> UPDATE VISTA2
  2  SET A = 'GASTRONOMIA'
  3  WHERE (DNI = 7777);
SET A = 'GASTRONOMIA'
    *
ERROR at line 2:
ORA-01779: cannot modify a column which maps to a non key-preserved table 


SQL> REMARK 20
SQL> DESCRIBE VISTA2;
 Name                                                                    Null?    Type
 ----------------------------------------------------------------------- -------- ------------------------------------------------
 DNI                                                                     NOT NULL NUMBER(8)
 A                                                                       NOT NULL VARCHAR2(50)
 T                                                                       NOT NULL CHAR(4)
 CUR                                                                              NUMBER(1)
 CAR                                                                              NUMBER(3)

SQL> REMARK 21;
SQL> REMARK 21
SQL> DROP VIEW VISTA1;

View dropped.

SQL> REMARK 22
SQL> SELECT *
  2  FROM VISTA2;
FROM VISTA2
     *
ERROR at line 2:
ORA-04063: view "ALU0101351773.VISTA2" has errors 


SQL> REMARK 23
SQL> ROLLBACK WORK;

Rollback complete.

SQL> SELECT *
  2  FROM VISTA1;
FROM VISTA1
     *
ERROR at line 2:
ORA-00942: table or view does not exist 


SQL> SELECT CONSTRAINT_NAME
  2  FROM USER_CONSTRAINTS;

CONSTRAINT_NAME                                                                                                                   
--------------------------------------------------------------------------------------------------------------------------------  
SYS_C00274127                                                                                                                     
SYS_C00274160                                                                                                                     
SYS_C00274200                                                                                                                     
SYS_C00274108                                                                                                                     
SYS_C00274201                                                                                                                     
SYS_C007                                                                                                                          
SYS_C00274156                                                                                                                     
SYS_C00274157                                                                                                                     
SYS_C00274158                                                                                                                     
SYS_C00274198                                                                                                                     
SYS_C00286227                                                                                                                     
SYS_C00274095                                                                                                                     
SYS_C00274107                                                                                                                     
SYS_C00274126                                                                                                                     
SYS_C00274159                                                                                                                     
SYS_C00274199                                                                                                                     
BIN$00Per6eGR9jgUwMAEaziYw==$0                                                                                                    
SYS_C00286228                                                                                                                     

18 rows selected.

SQL> REMARK 24
SQL> CREATE INDEX INDICE1
  2  ON PROFESOR (P);

Index created.

SQL> SELECT DNI
  2  FROM PROFESORES
  3  WHERE (P = 'JUAN');
FROM PROFESORES
     *
ERROR at line 2:
ORA-00942: table or view does not exist 


SQL> SELECT DNI
  2  FROM PROFESORES
  3  
SQL> ;
  1  SELECT DNI
  2* FROM PROFESORES
SQL> REMARK 24
SQL> SELECT DNI
  2  FROM PROFESOR
  3  WHERE (P = 'JUAN');

       DNI                                                                                                                        
----------                                                                                                                        
      1111                                                                                                                        

SQL> REMARK 25
SQL> DROP INDEX INDICE1;

Index dropped.

SQL> REMARK 26
SQL> CREATE INDEX INDICE2
  2  ON VISTA1 (CAR);
ON VISTA1 (CAR)
   *
ERROR at line 2:
ORA-00942: table or view does not exist 


SQL> SPOOL OFF
