SQL> SELECT *
  2  FROM DEPARTAMENTO;

        CD D                                                                                                                      
---------- ------------------------------------------------------------                                                           
         5 ECONOMIA APLICADA                                                                                                      
         1 ANALISIS MATEMATATICO                                                                                                  
         2 ASTROFISICA                                                                                                            
         3 ESTADISTICA, INVESTIGACION OPERATIVA Y COMPUTACION                                                                     
         4 MATEMATICA FUNDAMENTAL                                                                                                 

SQL> REMARK 21
SQL> SELECT *
  2  FROM DEPARTAMENTO;

        CD D                                                                                                                      
---------- ------------------------------------------------------------                                                           
         5 ECONOMIA APLICADA                                                                                                      
         1 ANALISIS MATEMATATICO                                                                                                  
         2 ASTROFISICA                                                                                                            
         3 ESTADISTICA, INVESTIGACION OPERATIVA Y COMPUTACION                                                                     
         4 MATEMATICA FUNDAMENTAL                                                                                                 

SQL> REMARK 22
SQL> DELETE FROM DEPARTAMENTO
  2  WHERE CD = 2;

1 row deleted.

SQL> REMARK 23
SQL> SELECT *
  2  FROM AREA;

       CAR AR                                                                   CD                                                
---------- ------------------------------------------------------------ ----------                                                
         1 ALGEBRA                                                               4                                                
         4 CIENCIAS DE LA COMPUTACION E INTELIGENCIA ARTIFICIAL                  3                                                
         5 DIDACTICA DE LA MATEMATICA                                            1                                                
         6 ESTADISTICA E INVESTIGACION OPERATIVA                                 3                                                
         7 LENGUAJES Y SISTEMAS INFORMATICOS                                     3                                                
         8 MATEMATICA APLICADA                                                   1                                                

6 rows selected.

SQL> SPOOL OFF
SQL> REMARK 24
SQL> SELECT *
  2  FROM PROFESOR;

       DNI P                                                                   CAR CAT                                            
---------- ------------------------------------------------------------ ---------- -----                                          
      4040 CARMELO                                                               7 TU                                             
      5050 CARINA                                                                8 CEU                                            
      1111 JUAN                                                                  6 CU                                             
      2222 CARLOS                                                                7 TU                                             
      3333 PEDRO                                                                 4 TEU                                            
      4444 MARIA                                                                 7 TU                                             
      5555 IVAN                                                                  1 CEU                                            
      6666 CARMEN                                                                  CD                                             
      7777 MARIO                                                                   TU                                             
      8888 FRANCISCO                                                             5 TU                                             
      9999 ANGELA                                                                8 TEU                                            
      1010 DAVID                                                                 4 TU                                             
      2020 SOLEDAD                                                               7 CU                                             
      3030 JOSE MANUEL                                                           6 TEU                                            

14 rows selected.

SQL> REMARK 25
SQL> SELECT *
  2  FROM TITULACION;

T    FAC                                                                                                                          
---- --------------------------------------------------                                                                           
GF   FACULTAD DE FISICA                                                                                                           
GM   FACULTAD DE MATEMATICAS                                                                                                      
GII  ESCUELA TECNICA SUPERIOR DE INGENIERIA INFORMATICA                                                                           
MII  ESCUELA TECNICA SUPERIOR DE INGENIERIA INFORMATICA                                                                           

SQL> REMARK 26
SQL> REVOKE ALL PRIVILEGES
  2  ON DEPARTAMENTO
  3  FROM ALUMNO;

Revoke succeeded.

SQL> REVOKE ALL PRIVILEGES
  2  FROM ALUMNO;
REVOKE ALL PRIVILEGES
*
ERROR at line 1:
ORA-01031: insufficient privileges 


SQL> REVOKE ALL PRIVILEGES
  2  ON *
  3  FROM ALUMNO;
ON *
   *
ERROR at line 2:
ORA-00903: invalid table name 


SQL> REMARK 27
SQL> REVOKE ALL PRIVILEGES
  2  ON AREA
  3  FROM ALUMNO;

Revoke succeeded.

SQL> REVOKE ALL PRIVILEGES
  2  ON ASIGNATURA
  3  FROM ALUMNO;

Revoke succeeded.

SQL> REVOKE ALL PRIVILEGES
  2  ON TITULACION
  3  FROM ALUMNO;

Revoke succeeded.

SQL> REMARK 28
SQL> COMMIT WORK;

Commit complete.

SQL> SPOOL OFF
